// Jest Snapshot v1, https://goo.gl/fbAQLP

exports[`renders correctly 1`] = `
<View
  style={
    Object {
      "alignItems": "center",
      "backgroundColor": "#44bb44",
      "flex": 1,
      "justifyContent": "center",
    }
  }
>
  <View>
    <Text>
      Hello World
    </Text>
    <View
      accessible={true}
      focusable={true}
      isTVSelectable={true}
      onClick={[Function]}
      onResponderGrant={[Function]}
      onResponderMove={[Function]}
      onResponderRelease={[Function]}
      onResponderTerminate={[Function]}
      onResponderTerminationRequest={[Function]}
      onStartShouldSetResponder={[Function]}
      style={
        Object {
          "opacity": 1,
        }
      }
      testID="button"
    >
      <View>
        <Text>
          Press me!
        </Text>
      </View>
    </View>
    <Text
      testID="counter"
    >
      Counter 
      0
    </Text>
  </View>
</View>
`;
